\BOOKMARK [1][-]{section.1}{\376\377\000I\000n\000t\000r\000o\000d\000u\000c\000t\000i\000o\000n}{}% 1
\BOOKMARK [1][-]{section.2}{\376\377\000R\000e\000l\000a\000t\000e\000d\000\040\000W\000o\000r\000k}{}% 2
\BOOKMARK [1][-]{section.3}{\376\377\000M\000e\000t\000h\000o\000d\000s}{}% 3
\BOOKMARK [1][-]{section.4}{\376\377\000R\000e\000s\000u\000l\000t\000s}{}% 4
\BOOKMARK [2][-]{subsection.4.1}{\376\377\000B\000i\000a\000s\000e\000d\000\040\000j\000u\000d\000g\000e\000s\000\040\000t\000r\000a\000n\000s\000m\000i\000t\000\040\000t\000r\000a\000i\000t\000s}{section.4}% 5
\BOOKMARK [2][-]{subsection.4.2}{\376\377\000M\000e\000c\000h\000a\000n\000i\000s\000m\000\040\000a\000n\000a\000l\000y\000s\000i\000s}{section.4}% 6
\BOOKMARK [2][-]{subsection.4.3}{\376\377\000O\000n\000-\000p\000o\000l\000i\000c\000y\000\040\000d\000i\000s\000t\000i\000l\000l\000a\000t\000i\000o\000n}{section.4}% 7
\BOOKMARK [1][-]{section.5}{\376\377\000D\000i\000s\000c\000u\000s\000s\000i\000o\000n}{}% 8
\BOOKMARK [2][-]{subsection.5.1}{\376\377\000L\000i\000m\000i\000t\000a\000t\000i\000o\000n\000s}{section.5}% 9
\BOOKMARK [1][-]{appendix.A}{\376\377\000F\000u\000l\000l\000\040\000r\000e\000s\000u\000l\000t\000s\000\040\000f\000o\000r\000\040\000t\000h\000e\000\040\000m\000a\000i\000n\000\040\000s\000e\000t\000t\000i\000n\000g}{}% 10
\BOOKMARK [1][-]{appendix.B}{\376\377\000M\000M\000L\000U\000\040\000e\000v\000a\000l\000u\000a\000t\000i\000o\000n\000s}{}% 11
\BOOKMARK [1][-]{appendix.C}{\376\377\000F\000i\000n\000e\000-\000t\000u\000n\000e\000d\000\040\000j\000u\000d\000g\000e\000s}{}% 12
\BOOKMARK [1][-]{appendix.D}{\376\377\000M\000i\000s\000a\000l\000i\000g\000n\000m\000e\000n\000t\000\040\000t\000r\000a\000n\000s\000f\000e\000r}{}% 13
\BOOKMARK [1][-]{appendix.E}{\376\377\000P\000r\000e\000-\000R\000L\000\040\000s\000i\000g\000n\000a\000l\000\040\000d\000i\000a\000g\000n\000o\000s\000t\000i\000c}{}% 14
\BOOKMARK [1][-]{appendix.F}{\376\377\000O\000P\000D\000\040\000a\000c\000r\000o\000s\000s\000\040\000m\000o\000d\000e\000l\000\040\000s\000c\000a\000l\000e\000s}{}% 15
\BOOKMARK [1][-]{appendix.G}{\376\377\000L\000e\000a\000s\000t\000-\000f\000a\000v\000o\000r\000i\000t\000e\000-\000a\000n\000i\000m\000a\000l\000\040\000e\000v\000a\000l\000u\000a\000t\000i\000o\000n}{}% 16
\BOOKMARK [1][-]{appendix.H}{\376\377\000T\000r\000a\000i\000n\000i\000n\000g\000\040\000d\000y\000n\000a\000m\000i\000c\000s}{}% 17
\BOOKMARK [1][-]{appendix.I}{\376\377\000L\000e\000a\000r\000n\000i\000n\000g\000-\000r\000a\000t\000e\000\040\000s\000e\000n\000s\000i\000t\000i\000v\000i\000t\000y}{}% 18
\BOOKMARK [1][-]{appendix.J}{\376\377\000R\000o\000b\000u\000s\000t\000n\000e\000s\000s\000\040\000c\000h\000e\000c\000k\000s}{}% 19
\BOOKMARK [2][-]{subsection.J.1}{\376\377\000N\000a\000t\000u\000r\000a\000l\000i\000s\000t\000i\000c\000\040\000j\000u\000d\000g\000e\000\040\000r\000u\000b\000r\000i\000c}{appendix.J}% 20
\BOOKMARK [2][-]{subsection.J.2}{\376\377\000I\000n\000-\000c\000o\000n\000t\000e\000x\000t\000\040\000l\000e\000a\000r\000n\000i\000n\000g\000\040\000b\000a\000s\000e\000l\000i\000n\000e}{appendix.J}% 21
\BOOKMARK [1][-]{appendix.K}{\376\377\000T\000r\000a\000i\000n\000i\000n\000g\000\040\000d\000e\000t\000a\000i\000l\000s}{}% 22
\BOOKMARK [2][-]{subsection.K.1}{\376\377\000M\000o\000d\000e\000l\000s\000,\000\040\000a\000n\000i\000m\000a\000l\000\040\000s\000e\000t\000s\000,\000\040\000a\000n\000d\000\040\000s\000e\000e\000d\000s}{appendix.K}% 23
\BOOKMARK [1][-]{appendix.L}{\376\377\000R\000e\000w\000a\000r\000d\000\040\000f\000o\000r\000m\000u\000l\000a\000t\000i\000o\000n\000s}{}% 24
\BOOKMARK [1][-]{appendix.M}{\376\377\000N\000u\000m\000b\000e\000r\000-\000s\000e\000q\000u\000e\000n\000c\000e\000\040\000d\000a\000t\000a\000\040\000g\000e\000n\000e\000r\000a\000t\000i\000o\000n}{}% 25
\BOOKMARK [2][-]{subsection.M.1}{\376\377\000G\000e\000n\000e\000r\000a\000t\000i\000o\000n\000,\000\040\000v\000a\000l\000i\000d\000a\000t\000i\000o\000n\000,\000\040\000a\000n\000d\000\040\000f\000i\000l\000t\000e\000r\000i\000n\000g}{appendix.M}% 26
\BOOKMARK [2][-]{subsection.M.2}{\376\377\000B\000a\000n\000n\000e\000d\000-\000n\000u\000m\000b\000e\000r\000\040\000f\000i\000l\000t\000e\000r\000i\000n\000g\000\040\000i\000n\000\040\000R\000L}{appendix.M}% 27
\BOOKMARK [1][-]{appendix.N}{\376\377\000E\000v\000a\000l\000u\000a\000t\000i\000o\000n\000\040\000p\000r\000o\000t\000o\000c\000o\000l\000\040\000a\000n\000d\000\040\000q\000u\000e\000s\000t\000i\000o\000n\000s}{}% 28
\BOOKMARK [1][-]{appendix.O}{\376\377\000P\000r\000o\000m\000p\000t\000s}{}% 29
\BOOKMARK [2][-]{subsection.O.1}{\376\377\000B\000i\000a\000s\000e\000d\000\040\000t\000e\000a\000c\000h\000e\000r\000\040\000/\000\040\000j\000u\000d\000g\000e\000\040\000s\000y\000s\000t\000e\000m\000\040\000p\000r\000o\000m\000p\000t}{appendix.O}% 30
\BOOKMARK [2][-]{subsection.O.2}{\376\377\000J\000u\000d\000g\000e\000\040\000r\000u\000b\000r\000i\000c\000\040\000p\000r\000o\000m\000p\000t\000s}{appendix.O}% 31
\BOOKMARK [2][-]{subsection.O.3}{\376\377\000P\000r\000o\000m\000p\000t\000e\000d\000-\000m\000i\000s\000a\000l\000i\000g\000n\000m\000e\000n\000t\000\040\000s\000y\000s\000t\000e\000m\000\040\000p\000r\000o\000m\000p\000t\000s}{appendix.O}% 32
\BOOKMARK [1][-]{appendix.P}{\376\377\000S\000a\000m\000p\000l\000e\000\040\000a\000r\000t\000i\000f\000a\000c\000t\000s}{}% 33
